package cofaas:application

interface greeter {
  record hello-request {
    name: string,
  }

  record hello-reply {
    message: string,
  }

  say-hello: func(arg: hello-request) -> result<hello-reply, s32>

  say-hello-stream-reply: func(arg: hello-request) -> result<hello-reply, s32>

  init-component: func()
}

world foo {
  export greeter
}
